Analyzing dermalyze...                                          

   info - The constant name 'User' isn't a lowerCamelCase identifier - lib\core\constants\app_assets.dart:2:23 - constant_identifier_names
   info - The constant name 'Lock' isn't a lowerCamelCase identifier - lib\core\constants\app_assets.dart:3:23 - constant_identifier_names
   info - The constant name 'Massage' isn't a lowerCamelCase identifier - lib\core\constants\app_assets.dart:4:23 - constant_identifier_names
   info - The constant name 'Call' isn't a lowerCamelCase identifier - lib\core\constants\app_assets.dart:5:23 - constant_identifier_names
   info - The constant name 'Google' isn't a lowerCamelCase identifier - lib\core\constants\app_assets.dart:6:23 - constant_identifier_names
   info - The constant name 'Apple' isn't a lowerCamelCase identifier - lib\core\constants\app_assets.dart:7:23 - constant_identifier_names
   info - The constant name 'Logo' isn't a lowerCamelCase identifier - lib\core\constants\app_assets.dart:8:23 - constant_identifier_names
   info - The constant name 'ArrowLeft' isn't a lowerCamelCase identifier - lib\core\constants\app_assets.dart:9:23 - constant_identifier_names
   info - The constant name 'ArrowRight' isn't a lowerCamelCase identifier - lib\core\constants\app_assets.dart:10:23 - constant_identifier_names
   info - The constant name 'Icon_intro_1' isn't a lowerCamelCase identifier - lib\core\constants\app_assets.dart:11:23 - constant_identifier_names
   info - The constant name 'Icon_intro_2' isn't a lowerCamelCase identifier - lib\core\constants\app_assets.dart:12:23 - constant_identifier_names
   info - The constant name 'Icon_intro_3' isn't a lowerCamelCase identifier - lib\core\constants\app_assets.dart:13:23 - constant_identifier_names
   info - The constant name 'Icon_intro_4' isn't a lowerCamelCase identifier - lib\core\constants\app_assets.dart:14:23 - constant_identifier_names
   info - The constant name 'Icon_intro_11' isn't a lowerCamelCase identifier - lib\core\constants\app_assets.dart:15:23 - constant_identifier_names
   info - The constant name 'Icon_register_1' isn't a lowerCamelCase identifier - lib\core\constants\app_assets.dart:17:23 - constant_identifier_names
   info - The constant name 'Icon_patient' isn't a lowerCamelCase identifier - lib\core\constants\app_assets.dart:19:23 - constant_identifier_names
   info - The constant name 'Icon_doctor' isn't a lowerCamelCase identifier - lib\core\constants\app_assets.dart:20:23 - constant_identifier_names
   info - The constant name 'home_icon' isn't a lowerCamelCase identifier - lib\core\constants\app_assets.dart:21:23 - constant_identifier_names
   info - The constant name 'profile_icon' isn't a lowerCamelCase identifier - lib\core\constants\app_assets.dart:22:23 - constant_identifier_names
   info - The constant name 'chat_icon' isn't a lowerCamelCase identifier - lib\core\constants\app_assets.dart:23:23 - constant_identifier_names
   info - The constant name 'send_icon' isn't a lowerCamelCase identifier - lib\core\constants\app_assets.dart:24:23 - constant_identifier_names
   info - The constant name 'medication_icon' isn't a lowerCamelCase identifier - lib\core\constants\app_assets.dart:25:23 - constant_identifier_names
   info - The constant name 'time_icon' isn't a lowerCamelCase identifier - lib\core\constants\app_assets.dart:26:23 - constant_identifier_names
   info - The constant name 'notification_icon' isn't a lowerCamelCase identifier - lib\core\constants\app_assets.dart:27:23 - constant_identifier_names
   info - The constant name 'analysis_icon' isn't a lowerCamelCase identifier - lib\core\constants\app_assets.dart:28:23 - constant_identifier_names
   info - The constant name 'i_icon' isn't a lowerCamelCase identifier - lib\core\constants\app_assets.dart:29:23 - constant_identifier_names
   info - The constant name 'progress_icon' isn't a lowerCamelCase identifier - lib\core\constants\app_assets.dart:30:23 - constant_identifier_names
   info - The constant name 'pulse_icon' isn't a lowerCamelCase identifier - lib\core\constants\app_assets.dart:31:23 - constant_identifier_names
   info - The constant name 'award_Icon' isn't a lowerCamelCase identifier - lib\core\constants\app_assets.dart:33:23 - constant_identifier_names
   info - The variable name 'Gray' isn't a lowerCamelCase identifier - lib\core\constants\app_colors.dart:6:16 - non_constant_identifier_names
   info - The variable name 'Gray2' isn't a lowerCamelCase identifier - lib\core\constants\app_colors.dart:7:16 - non_constant_identifier_names
   info - The variable name 'Gray3' isn't a lowerCamelCase identifier - lib\core\constants\app_colors.dart:8:16 - non_constant_identifier_names
   info - The variable name 'White' isn't a lowerCamelCase identifier - lib\core\constants\app_colors.dart:10:16 - non_constant_identifier_names
   info - The variable name 'White2' isn't a lowerCamelCase identifier - lib\core\constants\app_colors.dart:11:16 - non_constant_identifier_names
   info - Instances of 'Color' should be created using an 8-digit hexadecimal integer (such as '0xFFFFFFFF') - lib\core\constants\app_colors.dart:11:31 - use_full_hex_values_for_flutter_colors
   info - The variable name 'SkyBlue' isn't a lowerCamelCase identifier - lib\core\constants\app_colors.dart:13:16 - non_constant_identifier_names
   info - The variable name 'Turqouoise' isn't a lowerCamelCase identifier - lib\core\constants\app_colors.dart:14:16 - non_constant_identifier_names
   info - The variable name 'Black' isn't a lowerCamelCase identifier - lib\core\constants\app_colors.dart:15:16 - non_constant_identifier_names
   info - The variable name 'Black2' isn't a lowerCamelCase identifier - lib\core\constants\app_colors.dart:16:16 - non_constant_identifier_names
   info - The variable name 'Black3' isn't a lowerCamelCase identifier - lib\core\constants\app_colors.dart:17:16 - non_constant_identifier_names
   info - The constant name 'Settings' isn't a lowerCamelCase identifier - lib\core\routes\app_routes.dart:32:16 - constant_identifier_names
  error - Methods can't be invoked in constant expressions - lib\core\theme\app_theme.dart:13:26 - const_eval_method_invocation
  error - Undefined name 'context' - lib\core\theme\app_theme.dart:13:35 - undefined_identifier
   info - 'withOpacity' is deprecated and shouldn't be used. Use .withValues() to avoid precision loss - lib\features\auth\data\auth_pages.dart:42:41 - deprecated_member_use
   info - The variable name 'MetricItems' isn't a lowerCamelCase identifier - lib\features\auth\view\ProgressReport_view\key_metrics_card.dart:5:62 - non_constant_identifier_names
   info - 'withOpacity' is deprecated and shouldn't be used. Use .withValues() to avoid precision loss - lib\features\auth\view\ProgressReport_view\key_metrics_card.dart:20:33 - deprecated_member_use
   info - 'withOpacity' is deprecated and shouldn't be used. Use .withValues() to avoid precision loss - lib\features\auth\view\ProgressReport_view\key_metrics_card.dart:173:32 - deprecated_member_use
   info - 'withOpacity' is deprecated and shouldn't be used. Use .withValues() to avoid precision loss - lib\features\auth\view\ProgressReport_view\progress_header_card.dart:27:41 - deprecated_member_use
  error - Methods can't be invoked in constant expressions - lib\features\auth\view\ProgressReport_view\progress_header_card.dart:54:28 - const_eval_method_invocation
   info - 'withOpacity' is deprecated and shouldn't be used. Use .withValues() to avoid precision loss - lib\features\auth\view\ProgressReport_view\quality_status_card.dart:25:41 - deprecated_member_use
   info - 'withOpacity' is deprecated and shouldn't be used. Use .withValues() to avoid precision loss - lib\features\auth\view\ProgressReport_view\recovery_timeline_card.dart:36:41 - deprecated_member_use
   info - 'withOpacity' is deprecated and shouldn't be used. Use .withValues() to avoid precision loss - lib\features\auth\view\ProgressReport_view\recovery_timeline_card.dart:141:39 - deprecated_member_use
   info - Don't invoke 'print' in production code - lib\features\auth\view\chat\data\repositories\chat_repository.dart:23:7 - avoid_print
   info - Don't invoke 'print' in production code - lib\features\auth\view\chat\data\repositories\chat_repository.dart:84:7 - avoid_print
   info - The type name 'Chat_Model' isn't an UpperCamelCase identifier - lib\features\auth\view\chat\model\chat_model.dart:1:7 - camel_case_types
   info - The type name 'User_model' isn't an UpperCamelCase identifier - lib\features\auth\view\chat\model\user_model.dart:1:7 - camel_case_types
  error - Methods can't be invoked in constant expressions - lib\features\auth\view\chat\view\chat_header.dart:19:22 - const_eval_method_invocation
  error - Methods can't be invoked in constant expressions - lib\features\auth\view\chat\view\chat_header.dart:36:22 - const_eval_method_invocation
  error - Methods can't be invoked in constant expressions - lib\features\auth\view\chat\view\chat_view.dart:142:56 - const_eval_method_invocation
   info - 'withOpacity' is deprecated and shouldn't be used. Use .withValues() to avoid precision loss - lib\features\auth\view\chat\view\chat_view.dart:260:39 - deprecated_member_use
  error - Methods can't be invoked in constant expressions - lib\features\auth\view\chat\view\chat_view.dart:353:52 - const_eval_method_invocation
   info - The variable name 'Chat' isn't a lowerCamelCase identifier - lib\features\auth\view\chat\view\const.dart:1:6 - non_constant_identifier_names
   info - 'withOpacity' is deprecated and shouldn't be used. Use .withValues() to avoid precision loss - lib\features\auth\view\chat\view\messages_view.dart:225:33 - deprecated_member_use
   info - The file name 'TreatmentPla_card.dart' isn't a lower_case_with_underscores identifier - lib\features\auth\view\disease_details_view\TreatmentPla_card.dart:1:1 - file_names
  error - Methods can't be invoked in constant expressions - lib\features\auth\view\disease_details_view\TreatmentPla_card.dart:52:24 - const_eval_method_invocation
   info - The file name 'Warning_Card.dart' isn't a lower_case_with_underscores identifier - lib\features\auth\view\disease_details_view\Warning_Card.dart:1:1 - file_names
   info - 'withOpacity' is deprecated and shouldn't be used. Use .withValues() to avoid precision loss - lib\features\auth\view\disease_details_view\Warning_Card.dart:12:27 - deprecated_member_use
   info - 'withOpacity' is deprecated and shouldn't be used. Use .withValues() to avoid precision loss - lib\features\auth\view\disease_details_view\Warning_Card.dart:15:46 - deprecated_member_use
   info - 'withOpacity' is deprecated and shouldn't be used. Use .withValues() to avoid precision loss - lib\features\auth\view\disease_details_view\about_disease_card.dart:16:41 - deprecated_member_use
   info - The file name 'affected_areasCard.dart' isn't a lower_case_with_underscores identifier - lib\features\auth\view\disease_details_view\affected_areasCard.dart:1:1 - file_names
   info - 'withOpacity' is deprecated and shouldn't be used. Use .withValues() to avoid precision loss - lib\features\auth\view\disease_details_view\affected_areasCard.dart:16:41 - deprecated_member_use
   info - 'withOpacity' is deprecated and shouldn't be used. Use .withValues() to avoid precision loss - lib\features\auth\view\disease_details_view\affected_areasCard.dart:51:41 - deprecated_member_use
   info - 'withOpacity' is deprecated and shouldn't be used. Use .withValues() to avoid precision loss - lib\features\auth\view\disease_details_view\diagnosis_info_card.dart:16:41 - deprecated_member_use
   info - 'withOpacity' is deprecated and shouldn't be used. Use .withValues() to avoid precision loss - lib\features\auth\view\disease_details_view\disease_header_card.dart:18:41 - deprecated_member_use
  error - Methods can't be invoked in constant expressions - lib\features\auth\view\disease_details_view\disease_header_card.dart:34:59 - const_eval_method_invocation
   info - 'withOpacity' is deprecated and shouldn't be used. Use .withValues() to avoid precision loss - lib\features\auth\view\disease_details_view\symptoms_card.dart:16:41 - deprecated_member_use
  error - Methods can't be invoked in constant expressions - lib\features\auth\view\forgot_password\create_new_password_view.dart:118:34 - const_eval_method_invocation
   info - 'withOpacity' is deprecated and shouldn't be used. Use .withValues() to avoid precision loss - lib\features\auth\view\forgot_password\create_new_password_view.dart:130:58 - deprecated_member_use
  error - Methods can't be invoked in constant expressions - lib\features\auth\view\forgot_password\create_new_password_view.dart:272:46 - const_eval_method_invocation
   info - 'withOpacity' is deprecated and shouldn't be used. Use .withValues() to avoid precision loss - lib\features\auth\view\forgot_password\create_new_password_view.dart:363:29 - deprecated_member_use
  error - Methods can't be invoked in constant expressions - lib\features\auth\view\forgot_password\forgot_password_view.dart:73:34 - const_eval_method_invocation
   info - 'withOpacity' is deprecated and shouldn't be used. Use .withValues() to avoid precision loss - lib\features\auth\view\forgot_password\forgot_password_view.dart:84:58 - deprecated_member_use
  error - Methods can't be invoked in constant expressions - lib\features\auth\view\forgot_password\forgot_password_view.dart:269:46 - const_eval_method_invocation
  error - Methods can't be invoked in constant expressions - lib\features\auth\view\forgot_password\verify_code_view.dart:96:34 - const_eval_method_invocation
   info - 'withOpacity' is deprecated and shouldn't be used. Use .withValues() to avoid precision loss - lib\features\auth\view\forgot_password\verify_code_view.dart:108:58 - deprecated_member_use
   info - Don't use 'BuildContext's across async gaps, guarded by an unrelated 'mounted' check - lib\features\auth\view\forgot_password\verify_code_view.dart:229:43 - use_build_context_synchronously
   info - Don't use 'BuildContext's across async gaps, guarded by an unrelated 'mounted' check - lib\features\auth\view\forgot_password\verify_code_view.dart:241:62 - use_build_context_synchronously
  error - Methods can't be invoked in constant expressions - lib\features\auth\view\forgot_password\verify_code_view.dart:277:46 - const_eval_method_invocation
   info - Don't use 'BuildContext's across async gaps, guarded by an unrelated 'mounted' check - lib\features\auth\view\forgot_password\verify_code_view.dart:317:64 - use_build_context_synchronously
   info - 'withOpacity' is deprecated and shouldn't be used. Use .withValues() to avoid precision loss - lib\features\auth\view\home\doctor\screens\critical_patients_screen.dart:114:68 - deprecated_member_use
   info - 'withOpacity' is deprecated and shouldn't be used. Use .withValues() to avoid precision loss - lib\features\auth\view\home\doctor\screens\critical_patients_screen.dart:118:42 - deprecated_member_use
   info - 'withOpacity' is deprecated and shouldn't be used. Use .withValues() to avoid precision loss - lib\features\auth\view\home\doctor\screens\diseases_library_screen.dart:74:43 - deprecated_member_use
   info - 'withOpacity' is deprecated and shouldn't be used. Use .withValues() to avoid precision loss - lib\features\auth\view\home\doctor\screens\diseases_library_screen.dart:150:55 - deprecated_member_use
   info - 'withOpacity' is deprecated and shouldn't be used. Use .withValues() to avoid precision loss - lib\features\auth\view\home\doctor\screens\diseases_library_screen.dart:152:59 - deprecated_member_use
   info - 'withOpacity' is deprecated and shouldn't be used. Use .withValues() to avoid precision loss - lib\features\auth\view\home\doctor\screens\diseases_library_screen.dart:192:35 - deprecated_member_use
   info - 'withOpacity' is deprecated and shouldn't be used. Use .withValues() to avoid precision loss - lib\features\auth\view\home\doctor\screens\diseases_library_screen.dart:226:62 - deprecated_member_use
  error - Methods can't be invoked in constant expressions - lib\features\auth\view\home\doctor\screens\diseases_library_screen.dart:231:100 - const_eval_method_invocation
   info - 'withOpacity' is deprecated and shouldn't be used. Use .withValues() to avoid precision loss - lib\features\auth\view\home\doctor\screens\diseases_library_screen.dart:295:45 - deprecated_member_use
   info - 'withOpacity' is deprecated and shouldn't be used. Use .withValues() to avoid precision loss - lib\features\auth\view\home\doctor\screens\diseases_library_screen.dart:331:75 - deprecated_member_use
  error - Methods can't be invoked in constant expressions - lib\features\auth\view\home\doctor\screens\diseases_library_screen.dart:346:40 - const_eval_method_invocation
   info - 'withOpacity' is deprecated and shouldn't be used. Use .withValues() to avoid precision loss - lib\features\auth\view\home\doctor\screens\diseases_library_screen.dart:365:70 - deprecated_member_use
   info - 'withOpacity' is deprecated and shouldn't be used. Use .withValues() to avoid precision loss - lib\features\auth\view\home\doctor\screens\diseases_library_screen.dart:388:67 - deprecated_member_use
   info - 'withOpacity' is deprecated and shouldn't be used. Use .withValues() to avoid precision loss - lib\features\auth\view\home\doctor\screens\diseases_library_screen.dart:390:71 - deprecated_member_use
   info - 'withOpacity' is deprecated and shouldn't be used. Use .withValues() to avoid precision loss - lib\features\auth\view\home\doctor\screens\doctor_home_screen.dart:119:72 - deprecated_member_use
   info - 'withOpacity' is deprecated and shouldn't be used. Use .withValues() to avoid precision loss - lib\features\auth\view\home\doctor\screens\doctor_home_screen.dart:141:76 - deprecated_member_use
   info - 'withOpacity' is deprecated and shouldn't be used. Use .withValues() to avoid precision loss - lib\features\auth\view\home\doctor\screens\doctor_home_screen.dart:178:72 - deprecated_member_use
warning - The value of the local variable 'cardBg' isn't used - lib\features\auth\view\home\doctor\screens\medications_guide_screen.dart:69:11 - unused_local_variable
   info - 'withOpacity' is deprecated and shouldn't be used. Use .withValues() to avoid precision loss - lib\features\auth\view\home\doctor\screens\medications_guide_screen.dart:86:43 - deprecated_member_use
   info - 'withOpacity' is deprecated and shouldn't be used. Use .withValues() to avoid precision loss - lib\features\auth\view\home\doctor\screens\medications_guide_screen.dart:162:54 - deprecated_member_use
   info - 'withOpacity' is deprecated and shouldn't be used. Use .withValues() to avoid precision loss - lib\features\auth\view\home\doctor\screens\medications_guide_screen.dart:164:58 - deprecated_member_use
   info - 'withOpacity' is deprecated and shouldn't be used. Use .withValues() to avoid precision loss - lib\features\auth\view\home\doctor\screens\medications_guide_screen.dart:206:35 - deprecated_member_use
   info - 'withOpacity' is deprecated and shouldn't be used. Use .withValues() to avoid precision loss - lib\features\auth\view\home\doctor\screens\medications_guide_screen.dart:233:33 - deprecated_member_use
   info - 'withOpacity' is deprecated and shouldn't be used. Use .withValues() to avoid precision loss - lib\features\auth\view\home\doctor\screens\medications_guide_screen.dart:279:45 - deprecated_member_use
   info - 'withOpacity' is deprecated and shouldn't be used. Use .withValues() to avoid precision loss - lib\features\auth\view\home\doctor\screens\medications_guide_screen.dart:323:68 - deprecated_member_use
   info - 'withOpacity' is deprecated and shouldn't be used. Use .withValues() to avoid precision loss - lib\features\auth\view\home\doctor\screens\medications_guide_screen.dart:335:47 - deprecated_member_use
   info - 'withOpacity' is deprecated and shouldn't be used. Use .withValues() to avoid precision loss - lib\features\auth\view\home\doctor\screens\medications_guide_screen.dart:337:81 - deprecated_member_use
   info - 'withOpacity' is deprecated and shouldn't be used. Use .withValues() to avoid precision loss - lib\features\auth\view\home\doctor\screens\smart_history_screen.dart:98:54 - deprecated_member_use
   info - 'withOpacity' is deprecated and shouldn't be used. Use .withValues() to avoid precision loss - lib\features\auth\view\home\doctor\screens\smart_history_screen.dart:100:58 - deprecated_member_use
   info - 'withOpacity' is deprecated and shouldn't be used. Use .withValues() to avoid precision loss - lib\features\auth\view\home\doctor\screens\smart_history_screen.dart:138:33 - deprecated_member_use
  error - Methods can't be invoked in constant expressions - lib\features\auth\view\home\doctor\screens\smart_history_screen.dart:195:53 - const_eval_method_invocation
   info - 'withOpacity' is deprecated and shouldn't be used. Use .withValues() to avoid precision loss - lib\features\auth\view\home\doctor\screens\smart_history_screen.dart:241:33 - deprecated_member_use
  error - Methods can't be invoked in constant expressions - lib\features\auth\view\home\doctor\screens\smart_history_screen.dart:255:56 - const_eval_method_invocation
   info - 'withOpacity' is deprecated and shouldn't be used. Use .withValues() to avoid precision loss - lib\features\auth\view\home\doctor\screens\smart_history_screen.dart:339:59 - deprecated_member_use
   info - 'withOpacity' is deprecated and shouldn't be used. Use .withValues() to avoid precision loss - lib\features\auth\view\home\doctor\screens\smart_history_screen.dart:354:63 - deprecated_member_use
   info - 'withOpacity' is deprecated and shouldn't be used. Use .withValues() to avoid precision loss - lib\features\auth\view\home\doctor\screens\smart_history_screen.dart:365:54 - deprecated_member_use
   info - 'withOpacity' is deprecated and shouldn't be used. Use .withValues() to avoid precision loss - lib\features\auth\view\home\doctor\screens\smart_history_screen.dart:367:58 - deprecated_member_use
   info - 'withOpacity' is deprecated and shouldn't be used. Use .withValues() to avoid precision loss - lib\features\auth\view\home\doctor\screens\smart_history_screen.dart:374:60 - deprecated_member_use
   info - 'withOpacity' is deprecated and shouldn't be used. Use .withValues() to avoid precision loss - lib\features\auth\view\home\doctor\screens\smart_history_screen.dart:398:37 - deprecated_member_use
  error - Methods can't be invoked in constant expressions - lib\features\auth\view\home\doctor\screens\smart_history_screen.dart:415:67 - const_eval_method_invocation
  error - Methods can't be invoked in constant expressions - lib\features\auth\view\home\doctor\screens\smart_history_screen.dart:445:61 - const_eval_method_invocation
   info - 'withOpacity' is deprecated and shouldn't be used. Use .withValues() to avoid precision loss - lib\features\auth\view\home\doctor\screens\smart_history_screen.dart:505:37 - deprecated_member_use
  error - Methods can't be invoked in constant expressions - lib\features\auth\view\home\doctor\screens\smart_history_screen.dart:551:41 - const_eval_method_invocation
   info - 'withOpacity' is deprecated and shouldn't be used. Use .withValues() to avoid precision loss - lib\features\auth\view\home\doctor\screens\smart_history_screen.dart:560:60 - deprecated_member_use
   info - 'withOpacity' is deprecated and shouldn't be used. Use .withValues() to avoid precision loss - lib\features\auth\view\home\doctor\screens\smart_history_screen.dart:562:64 - deprecated_member_use
   info - 'withOpacity' is deprecated and shouldn't be used. Use .withValues() to avoid precision loss - lib\features\auth\view\home\doctor\screens\smart_history_screen.dart:569:66 - deprecated_member_use
   info - 'withOpacity' is deprecated and shouldn't be used. Use .withValues() to avoid precision loss - lib\features\auth\view\home\doctor\screens\smart_history_screen.dart:585:61 - deprecated_member_use
   info - 'withOpacity' is deprecated and shouldn't be used. Use .withValues() to avoid precision loss - lib\features\auth\view\home\doctor\screens\smart_history_screen.dart:587:65 - deprecated_member_use
   info - 'withOpacity' is deprecated and shouldn't be used. Use .withValues() to avoid precision loss - lib\features\auth\view\home\doctor\screens\smart_history_screen.dart:594:66 - deprecated_member_use
  error - Methods can't be invoked in constant expressions - lib\features\auth\view\home\doctor\screens\smart_history_screen.dart:640:52 - const_eval_method_invocation
   info - 'withOpacity' is deprecated and shouldn't be used. Use .withValues() to avoid precision loss - lib\features\auth\view\home\doctor\widgets\add_patient_banner.dart:21:40 - deprecated_member_use
   info - 'withOpacity' is deprecated and shouldn't be used. Use .withValues() to avoid precision loss - lib\features\auth\view\home\doctor\widgets\add_patient_banner.dart:33:52 - deprecated_member_use
   info - 'withOpacity' is deprecated and shouldn't be used. Use .withValues() to avoid precision loss - lib\features\auth\view\home\doctor\widgets\clinical_resources_card.dart:52:56 - deprecated_member_use
   info - 'withOpacity' is deprecated and shouldn't be used. Use .withValues() to avoid precision loss - lib\features\auth\view\home\doctor\widgets\clinical_resources_card.dart:100:38 - deprecated_member_use
   info - 'withOpacity' is deprecated and shouldn't be used. Use .withValues() to avoid precision loss - lib\features\auth\view\home\doctor\widgets\clinical_resources_card.dart:163:38 - deprecated_member_use
   info - 'withOpacity' is deprecated and shouldn't be used. Use .withValues() to avoid precision loss - lib\features\auth\view\home\doctor\widgets\critical_care_guidelines_card.dart:23:48 - deprecated_member_use
   info - 'withOpacity' is deprecated and shouldn't be used. Use .withValues() to avoid precision loss - lib\features\auth\view\home\doctor\widgets\critical_care_guidelines_card.dart:26:36 - deprecated_member_use
   info - 'withOpacity' is deprecated and shouldn't be used. Use .withValues() to avoid precision loss - lib\features\auth\view\home\doctor\widgets\critical_patient_card.dart:51:46 - deprecated_member_use
   info - 'withOpacity' is deprecated and shouldn't be used. Use .withValues() to avoid precision loss - lib\features\auth\view\home\doctor\widgets\critical_patient_card.dart:54:31 - deprecated_member_use
   info - 'withOpacity' is deprecated and shouldn't be used. Use .withValues() to avoid precision loss - lib\features\auth\view\home\doctor\widgets\critical_patient_card.dart:66:33 - deprecated_member_use
   info - 'withOpacity' is deprecated and shouldn't be used. Use .withValues() to avoid precision loss - lib\features\auth\view\home\doctor\widgets\critical_patient_card.dart:111:43 - deprecated_member_use
  error - Methods can't be invoked in constant expressions - lib\features\auth\view\home\doctor\widgets\critical_patient_card.dart:154:38 - const_eval_method_invocation
   info - 'withOpacity' is deprecated and shouldn't be used. Use .withValues() to avoid precision loss - lib\features\auth\view\home\doctor\widgets\critical_patient_card.dart:187:39 - deprecated_member_use
   info - 'withOpacity' is deprecated and shouldn't be used. Use .withValues() to avoid precision loss - lib\features\auth\view\home\doctor\widgets\critical_patient_card.dart:190:43 - deprecated_member_use
   info - 'withOpacity' is deprecated and shouldn't be used. Use .withValues() to avoid precision loss - lib\features\auth\view\home\doctor\widgets\critical_patient_card.dart:238:54 - deprecated_member_use
   info - 'withOpacity' is deprecated and shouldn't be used. Use .withValues() to avoid precision loss - lib\features\auth\view\home\doctor\widgets\doctor_home_header.dart:44:62 - deprecated_member_use
   info - 'withOpacity' is deprecated and shouldn't be used. Use .withValues() to avoid precision loss - lib\features\auth\view\home\doctor\widgets\doctor_home_header.dart:67:66 - deprecated_member_use
   info - 'withOpacity' is deprecated and shouldn't be used. Use .withValues() to avoid precision loss - lib\features\auth\view\home\doctor\widgets\doctor_home_header.dart:99:62 - deprecated_member_use
   info - 'withOpacity' is deprecated and shouldn't be used. Use .withValues() to avoid precision loss - lib\features\auth\view\home\doctor\widgets\patient_item_card.dart:72:38 - deprecated_member_use
   info - 'withOpacity' is deprecated and shouldn't be used. Use .withValues() to avoid precision loss - lib\features\auth\view\home\doctor\widgets\patient_item_card.dart:160:56 - deprecated_member_use
   info - 'withOpacity' is deprecated and shouldn't be used. Use .withValues() to avoid precision loss - lib\features\auth\view\home\doctor\widgets\patient_item_card.dart:196:22 - deprecated_member_use
   info - 'withOpacity' is deprecated and shouldn't be used. Use .withValues() to avoid precision loss - lib\features\auth\view\home\doctor\widgets\patient_list_card.dart:68:36 - deprecated_member_use
   info - 'withOpacity' is deprecated and shouldn't be used. Use .withValues() to avoid precision loss - lib\features\auth\view\home\doctor\widgets\patient_list_card.dart:83:46 - deprecated_member_use
   info - 'withOpacity' is deprecated and shouldn't be used. Use .withValues() to avoid precision loss - lib\features\auth\view\home\doctor\widgets\patient_list_card.dart:162:50 - deprecated_member_use
   info - 'withOpacity' is deprecated and shouldn't be used. Use .withValues() to avoid precision loss - lib\features\auth\view\home\doctor\widgets\patient_list_card.dart:177:22 - deprecated_member_use
   info - 'withOpacity' is deprecated and shouldn't be used. Use .withValues() to avoid precision loss - lib\features\auth\view\home\doctor\widgets\profile_info_card.dart:31:36 - deprecated_member_use
   info - 'withOpacity' is deprecated and shouldn't be used. Use .withValues() to avoid precision loss - lib\features\auth\view\home\doctor\widgets\profile_info_card.dart:99:54 - deprecated_member_use
   info - 'withOpacity' is deprecated and shouldn't be used. Use .withValues() to avoid precision loss - lib\features\auth\view\home\doctor\widgets\profile_settings_card.dart:26:36 - deprecated_member_use
   info - 'withOpacity' is deprecated and shouldn't be used. Use .withValues() to avoid precision loss - lib\features\auth\view\home\doctor\widgets\quick_actions_card.dart:67:38 - deprecated_member_use
  error - Undefined name 'context' - lib\features\auth\view\home\doctor\widgets\stats_grid_card.dart:42:25 - undefined_identifier
   info - 'withOpacity' is deprecated and shouldn't be used. Use .withValues() to avoid precision loss - lib\features\auth\view\home\doctor\widgets\stats_grid_card.dart:42:44 - deprecated_member_use
   info - 'withOpacity' is deprecated and shouldn't be used. Use .withValues() to avoid precision loss - lib\features\auth\view\home\doctor\widgets\stats_grid_card.dart:44:48 - deprecated_member_use
   info - 'withOpacity' is deprecated and shouldn't be used. Use .withValues() to avoid precision loss - lib\features\auth\view\home\doctor\widgets\stats_grid_card.dart:58:39 - deprecated_member_use
  error - Methods can't be invoked in constant expressions - lib\features\auth\view\home\home_header.dart:53:32 - const_eval_method_invocation
   info - 'withOpacity' is deprecated and shouldn't be used. Use .withValues() to avoid precision loss - lib\features\auth\view\home\home_header.dart:127:46 - deprecated_member_use
   info - 'withOpacity' is deprecated and shouldn't be used. Use .withValues() to avoid precision loss - lib\features\auth\view\home\home_header.dart:153:44 - deprecated_member_use
   info - 'withOpacity' is deprecated and shouldn't be used. Use .withValues() to avoid precision loss - lib\features\auth\view\home\medication_list_card.dart:33:37 - deprecated_member_use
   info - 'withOpacity' is deprecated and shouldn't be used. Use .withValues() to avoid precision loss - lib\features\auth\view\home\recovery_progress_card.dart:38:39 - deprecated_member_use
   info - The file name 'AccountTypeCard.dart' isn't a lower_case_with_underscores identifier - lib\features\auth\view\login\AccountTypeCard.dart:1:1 - file_names
   info - 'withOpacity' is deprecated and shouldn't be used. Use .withValues() to avoid precision loss - lib\features\auth\view\login\AccountTypeCard.dart:34:33 - deprecated_member_use
   info - 'withOpacity' is deprecated and shouldn't be used. Use .withValues() to avoid precision loss - lib\features\auth\view\login\AccountTypeCard.dart:50:41 - deprecated_member_use
   info - The file name 'Patient_SignUp.dart' isn't a lower_case_with_underscores identifier - lib\features\auth\view\login\Patient_SignUp.dart:1:1 - file_names
  error - Methods can't be invoked in constant expressions - lib\features\auth\view\login\Patient_SignUp.dart:136:73 - const_eval_method_invocation
   info - The file name 'doctor_SignUp.dart' isn't a lower_case_with_underscores identifier - lib\features\auth\view\login\doctor_SignUp.dart:1:1 - file_names
  error - Methods can't be invoked in constant expressions - lib\features\auth\view\login\doctor_SignUp.dart:125:42 - const_eval_method_invocation
  error - Methods can't be invoked in constant expressions - lib\features\auth\view\login\doctor_SignUp.dart:326:50 - const_eval_method_invocation
  error - Methods can't be invoked in constant expressions - lib\features\auth\view\login\login_view.dart:122:38 - const_eval_method_invocation
   info - 'withOpacity' is deprecated and shouldn't be used. Use .withValues() to avoid precision loss - lib\features\auth\view\medication_list\widgets\medication_card.dart:110:33 - deprecated_member_use
  error - Undefined name 'context' - lib\features\auth\view\medication_list\widgets\medication_card.dart:296:25 - undefined_identifier
   info - 'withOpacity' is deprecated and shouldn't be used. Use .withValues() to avoid precision loss - lib\features\auth\view\medication_list\widgets\medication_completed_card.dart:32:33 - deprecated_member_use
   info - 'WillPopScope' is deprecated and shouldn't be used. Use PopScope instead. The Android predictive back feature will not work with WillPopScope. This feature was deprecated after v3.12.0-1.0.pre - lib\features\auth\view\navigation\custom_bottom_nav_bar.dart:48:12 - deprecated_member_use
   info - 'withOpacity' is deprecated and shouldn't be used. Use .withValues() to avoid precision loss - lib\features\auth\view\notifications\notifications_view.dart:212:41 - deprecated_member_use
   info - 'withOpacity' is deprecated and shouldn't be used. Use .withValues() to avoid precision loss - lib\features\auth\view\notifications\notifications_view.dart:221:32 - deprecated_member_use
   info - The file name 'Fourth_Screen.dart' isn't a lower_case_with_underscores identifier - lib\features\auth\view\on_boarding\Fourth_Screen.dart:1:1 - file_names
   info - The file name 'first_Screen.dart' isn't a lower_case_with_underscores identifier - lib\features\auth\view\on_boarding\first_Screen.dart:1:1 - file_names
   info - 'withOpacity' is deprecated and shouldn't be used. Use .withValues() to avoid precision loss - lib\features\auth\view\patients\screens\add_new_patient_screen.dart:132:54 - deprecated_member_use
   info - 'withOpacity' is deprecated and shouldn't be used. Use .withValues() to avoid precision loss - lib\features\auth\view\patients\screens\add_new_patient_screen.dart:169:33 - deprecated_member_use
   info - 'withOpacity' is deprecated and shouldn't be used. Use .withValues() to avoid precision loss - lib\features\auth\view\patients\screens\add_new_patient_screen.dart:186:48 - deprecated_member_use
  error - Methods can't be invoked in constant expressions - lib\features\auth\view\patients\screens\add_new_patient_screen.dart:206:30 - const_eval_method_invocation
  error - Methods can't be invoked in constant expressions - lib\features\auth\view\patients\screens\ai_analysis_result_screen.dart:126:36 - const_eval_method_invocation
   info - 'withOpacity' is deprecated and shouldn't be used. Use .withValues() to avoid precision loss - lib\features\auth\view\patients\screens\ai_analysis_result_screen.dart:134:60 - deprecated_member_use
   info - 'withOpacity' is deprecated and shouldn't be used. Use .withValues() to avoid precision loss - lib\features\auth\view\patients\screens\ai_analysis_result_screen.dart:228:36 - deprecated_member_use
  error - Methods can't be invoked in constant expressions - lib\features\auth\view\patients\screens\ai_analysis_result_screen.dart:265:32 - const_eval_method_invocation
   info - 'withOpacity' is deprecated and shouldn't be used. Use .withValues() to avoid precision loss - lib\features\auth\view\patients\screens\ai_analysis_result_screen.dart:314:36 - deprecated_member_use
  error - Methods can't be invoked in constant expressions - lib\features\auth\view\patients\screens\ai_analysis_result_screen.dart:382:32 - const_eval_method_invocation
  error - Methods can't be invoked in constant expressions - lib\features\auth\view\patients\screens\upload_analyze_screen.dart:64:34 - const_eval_method_invocation
   info - 'withOpacity' is deprecated and shouldn't be used. Use .withValues() to avoid precision loss - lib\features\auth\view\patients\screens\upload_analyze_screen.dart:74:60 - deprecated_member_use
   info - 'withOpacity' is deprecated and shouldn't be used. Use .withValues() to avoid precision loss - lib\features\auth\view\patients\screens\upload_analyze_screen.dart:132:40 - deprecated_member_use
  error - Methods can't be invoked in constant expressions - lib\features\auth\view\patients\screens\upload_analyze_screen.dart:172:34 - const_eval_method_invocation
  error - Methods can't be invoked in constant expressions - lib\features\auth\view\patients\screens\upload_analyze_screen.dart:220:34 - const_eval_method_invocation
  error - Methods can't be invoked in constant expressions - lib\features\auth\view\patients\screens\upload_analyze_screen.dart:349:22 - const_eval_method_invocation
   info - 'withOpacity' is deprecated and shouldn't be used. Use .withValues() to avoid precision loss - lib\features\auth\view\patients\widgets\ai_analysis_progress_card.dart:17:36 - deprecated_member_use
   info - 'withOpacity' is deprecated and shouldn't be used. Use .withValues() to avoid precision loss - lib\features\auth\view\patients\widgets\detailed_analysis_card.dart:31:36 - deprecated_member_use
   info - 'withOpacity' is deprecated and shouldn't be used. Use .withValues() to avoid precision loss - lib\features\auth\view\patients\widgets\detailed_analysis_card.dart:65:46 - deprecated_member_use
   info - 'withOpacity' is deprecated and shouldn't be used. Use .withValues() to avoid precision loss - lib\features\auth\view\patients\widgets\doctors_review_card.dart:24:36 - deprecated_member_use
   info - 'withOpacity' is deprecated and shouldn't be used. Use .withValues() to avoid precision loss - lib\features\auth\view\patients\widgets\doctors_review_card.dart:58:89 - deprecated_member_use
   info - 'withOpacity' is deprecated and shouldn't be used. Use .withValues() to avoid precision loss - lib\features\auth\view\patients\widgets\followup_image_card.dart:30:56 - deprecated_member_use
   info - 'withOpacity' is deprecated and shouldn't be used. Use .withValues() to avoid precision loss - lib\features\auth\view\patients\widgets\followup_image_card.dart:124:27 - deprecated_member_use
   info - 'withOpacity' is deprecated and shouldn't be used. Use .withValues() to avoid precision loss - lib\features\auth\view\patients\widgets\image_comparison_card.dart:17:36 - deprecated_member_use
  error - Methods can't be invoked in constant expressions - lib\features\auth\view\patients\widgets\image_comparison_card.dart:82:46 - const_eval_method_invocation
  error - Methods can't be invoked in constant expressions - lib\features\auth\view\patients\widgets\image_comparison_card.dart:142:46 - const_eval_method_invocation
   info - 'withOpacity' is deprecated and shouldn't be used. Use .withValues() to avoid precision loss - lib\features\auth\view\patients\widgets\medical_info_card.dart:24:36 - deprecated_member_use
   info - 'withOpacity' is deprecated and shouldn't be used. Use .withValues() to avoid precision loss - lib\features\auth\view\patients\widgets\patient_info_card.dart:43:36 - deprecated_member_use
   info - 'withOpacity' is deprecated and shouldn't be used. Use .withValues() to avoid precision loss - lib\features\auth\view\patients\widgets\patient_info_card.dart:67:49 - deprecated_member_use
   info - 'withOpacity' is deprecated and shouldn't be used. Use .withValues() to avoid precision loss - lib\features\auth\view\patients\widgets\personal_info_card.dart:44:36 - deprecated_member_use
  error - Invalid constant value - lib\features\auth\view\patients\widgets\personal_info_card.dart:63:26 - invalid_constant
  error - Invalid constant value - lib\features\auth\view\patients\widgets\personal_info_card.dart:116:36 - invalid_constant
  error - Invalid constant value - lib\features\auth\view\patients\widgets\personal_info_card.dart:192:24 - invalid_constant
   info - 'withOpacity' is deprecated and shouldn't be used. Use .withValues() to avoid precision loss - lib\features\auth\view\patients\widgets\prescribed_medications_card.dart:36:36 - deprecated_member_use
  error - Methods can't be invoked in constant expressions - lib\features\auth\view\patients\widgets\prescribed_medications_card.dart:77:54 - const_eval_method_invocation
   info - 'withOpacity' is deprecated and shouldn't be used. Use .withValues() to avoid precision loss - lib\features\auth\view\patients\widgets\prescribed_medications_card.dart:123:40 - deprecated_member_use
   info - 'withOpacity' is deprecated and shouldn't be used. Use .withValues() to avoid precision loss - lib\features\auth\view\patients\widgets\progress_statistics_card.dart:32:36 - deprecated_member_use
   info - 'withOpacity' is deprecated and shouldn't be used. Use .withValues() to avoid precision loss - lib\features\auth\view\patients\widgets\progress_statistics_card.dart:141:54 - deprecated_member_use
   info - 'withOpacity' is deprecated and shouldn't be used. Use .withValues() to avoid precision loss - lib\features\auth\view\patients\widgets\progress_timeline_card.dart:46:36 - deprecated_member_use
   info - 'withOpacity' is deprecated and shouldn't be used. Use .withValues() to avoid precision loss - lib\features\auth\view\patients\widgets\progress_timeline_card.dart:80:105 - deprecated_member_use
   info - 'withOpacity' is deprecated and shouldn't be used. Use .withValues() to avoid precision loss - lib\features\auth\view\patients\widgets\progress_timeline_card.dart:109:56 - deprecated_member_use
   info - 'withOpacity' is deprecated and shouldn't be used. Use .withValues() to avoid precision loss - lib\features\auth\view\patients\widgets\ready_for_analysis_card.dart:32:36 - deprecated_member_use
  error - Methods can't be invoked in constant expressions - lib\features\auth\view\patients\widgets\ready_for_analysis_card.dart:80:32 - const_eval_method_invocation
   info - 'withOpacity' is deprecated and shouldn't be used. Use .withValues() to avoid precision loss - lib\features\auth\view\patients\widgets\schedule_followup_bottom_sheet.dart:157:45 - deprecated_member_use
   info - 'withOpacity' is deprecated and shouldn't be used. Use .withValues() to avoid precision loss - lib\features\auth\view\patients\widgets\schedule_followup_bottom_sheet.dart:160:47 - deprecated_member_use
   info - 'withOpacity' is deprecated and shouldn't be used. Use .withValues() to avoid precision loss - lib\features\auth\view\patients\widgets\slider_comparison_card.dart:24:36 - deprecated_member_use
  error - Methods can't be invoked in constant expressions - lib\features\auth\view\patients\widgets\slider_comparison_card.dart:110:42 - const_eval_method_invocation
  error - Methods can't be invoked in constant expressions - lib\features\auth\view\patients\widgets\slider_comparison_card.dart:127:42 - const_eval_method_invocation
  error - Methods can't be invoked in constant expressions - lib\features\auth\view\patients\widgets\slider_comparison_card.dart:156:40 - const_eval_method_invocation
   info - 'withOpacity' is deprecated and shouldn't be used. Use .withValues() to avoid precision loss - lib\features\auth\view\patients\widgets\update_status_bottom_sheet.dart:197:28 - deprecated_member_use
   info - 'withOpacity' is deprecated and shouldn't be used. Use .withValues() to avoid precision loss - lib\features\auth\view\patients\widgets\update_status_bottom_sheet.dart:201:38 - deprecated_member_use
  error - Methods can't be invoked in constant expressions - lib\features\auth\view\profile_sceern\profile_view.dart:100:44 - const_eval_method_invocation
  error - Methods can't be invoked in constant expressions - lib\features\auth\view\profile_sceern\profile_view.dart:371:42 - const_eval_method_invocation
  error - Methods can't be invoked in constant expressions - lib\features\settings\view\privacy_settings_view.dart:286:70 - const_eval_method_invocation
   info - 'activeColor' is deprecated and shouldn't be used. Use activeThumbColor or activeTrackColor instead. This feature was deprecated after v3.31.0-2.0.pre - lib\features\settings\view\settings_screen.dart:538:17 - deprecated_member_use
  error - Methods can't be invoked in constant expressions - lib\features\settings\view\settings_screen.dart:671:45 - const_eval_method_invocation
   info - 'withOpacity' is deprecated and shouldn't be used. Use .withValues() to avoid precision loss - lib\features\settings\widgets\settings_section_card.dart:30:33 - deprecated_member_use
   info - 'withOpacity' is deprecated and shouldn't be used. Use .withValues() to avoid precision loss - lib\features\settings\widgets\settings_switch_tile.dart:62:41 - deprecated_member_use
  error - Methods can't be invoked in constant expressions - lib\features\shared\gradient_header.dart:34:57 - const_eval_method_invocation
  error - Methods can't be invoked in constant expressions - lib\features\shared\primary_button.dart:48:28 - const_eval_method_invocation
  error - Methods can't be invoked in constant expressions - lib\features\shared\profile_header.dart:31:57 - const_eval_method_invocation

